// Jest Snapshot v1, https://goo.gl/fbAQLP

exports[`<GridText /> should render with background 1`] = `
.c3 {
  color: #0A1128;
  font-size: 6.4rem;
  text-transform: upperCase;
}

.c7 {
  color: #0A1128;
  font-size: 3.2rem;
  text-transform: none;
}

.c5 {
  counter-reset: grid-counter;
  display: grid;
  grid-template-columns: repeat(auto-fill, minmax(280px, 1fr));
  gap: 3.2rem;
}

.c6 .c2 {
  position: relative;
  left: 5rem;
}

.c6 .c2::before {
  counter-increment: gri-counter;
  content: counter(grid-counter);
  position: absolute;
  font-size: 7rem;
  top: -3rem;
  left: -5rem;
  transform: rotate(5deg);
}

.c1 {
  max-width: 120rem;
  margin: 0 auto;
  padding: 3.2rem;
}

.c0 {
  background: #FFFFFF;
  color: #0A1128;
  min-height: 100vh;
  display: flex;
  align-items: center;
}

.c4 {
  font-size: 2.4rem;
}

@media (max-width: 768px) {
  .c3 {
    font-size: 4.0rem;
  }
}

<div>
  <div
    class="c0"
  >
    <div
      class="c1"
    >
      <div
        class=""
      >
        <h1
          class="c2 c3"
        >
          My grid
        </h1>
        <p
          class="c4"
        >
          Atque doloribus nobis laudantium esse ut, non commodi maxime distinctio veritatis unde
        </p>
        <div
          class="c5"
        >
          <div
            class="c6"
          >
            <h1
              class="c2 c7"
            >
              Teste 1
            </h1>
            <p
              class="c4"
            >
              Lorem ipsum dolor sit, amet consectetur adipisicing elit. Debitis cum delectus molestias. Atque doloribus nobis laudantium esse ut, non commodi maxime distinctio veritatis unde, reprehenderit minus ad dolores provident maiores.
            </p>
          </div>
          <div
            class="c6"
          >
            <h1
              class="c2 c7"
            >
              Teste 2
            </h1>
            <p
              class="c4"
            >
              Lorem ipsum dolor sit, amet consectetur adipisicing elit. Debitis cum delectus molestias. Atque doloribus nobis laudantium esse ut, non commodi maxime distinctio veritatis unde, reprehenderit minus ad dolores provident maiores.
            </p>
          </div>
          <div
            class="c6"
          >
            <h1
              class="c2 c7"
            >
              Teste 3
            </h1>
            <p
              class="c4"
            >
              Lorem ipsum dolor sit, amet consectetur adipisicing elit. Debitis cum delectus molestias. Atque doloribus nobis laudantium esse ut, non commodi maxime distinctio veritatis unde, reprehenderit minus ad dolores provident maiores.
            </p>
          </div>
        </div>
      </div>
    </div>
  </div>
</div>
`;

exports[`<GridText /> should render without background 1`] = `
.c3 {
  color: #0A1128;
  font-size: 6.4rem;
  text-transform: upperCase;
}

.c7 {
  color: #0A1128;
  font-size: 3.2rem;
  text-transform: none;
}

.c5 {
  counter-reset: grid-counter;
  display: grid;
  grid-template-columns: repeat(auto-fill, minmax(280px, 1fr));
  gap: 3.2rem;
}

.c6 .c2 {
  position: relative;
  left: 5rem;
}

.c6 .c2::before {
  counter-increment: gri-counter;
  content: counter(grid-counter);
  position: absolute;
  font-size: 7rem;
  top: -3rem;
  left: -5rem;
  transform: rotate(5deg);
}

.c1 {
  max-width: 120rem;
  margin: 0 auto;
  padding: 3.2rem;
}

.c0 {
  background: #FFFFFF;
  color: #0A1128;
  min-height: 100vh;
  display: flex;
  align-items: center;
}

.c4 {
  font-size: 2.4rem;
}

@media (max-width: 768px) {
  .c3 {
    font-size: 4.0rem;
  }
}

<div>
  <div
    class="c0"
  >
    <div
      class="c1"
    >
      <div
        class=""
      >
        <h1
          class="c2 c3"
        >
          My grid
        </h1>
        <p
          class="c4"
        >
          Atque doloribus nobis laudantium esse ut, non commodi maxime distinctio veritatis unde
        </p>
        <div
          class="c5"
        >
          <div
            class="c6"
          >
            <h1
              class="c2 c7"
            >
              Teste 1
            </h1>
            <p
              class="c4"
            >
              Lorem ipsum dolor sit, amet consectetur adipisicing elit. Debitis cum delectus molestias. Atque doloribus nobis laudantium esse ut, non commodi maxime distinctio veritatis unde, reprehenderit minus ad dolores provident maiores.
            </p>
          </div>
          <div
            class="c6"
          >
            <h1
              class="c2 c7"
            >
              Teste 2
            </h1>
            <p
              class="c4"
            >
              Lorem ipsum dolor sit, amet consectetur adipisicing elit. Debitis cum delectus molestias. Atque doloribus nobis laudantium esse ut, non commodi maxime distinctio veritatis unde, reprehenderit minus ad dolores provident maiores.
            </p>
          </div>
          <div
            class="c6"
          >
            <h1
              class="c2 c7"
            >
              Teste 3
            </h1>
            <p
              class="c4"
            >
              Lorem ipsum dolor sit, amet consectetur adipisicing elit. Debitis cum delectus molestias. Atque doloribus nobis laudantium esse ut, non commodi maxime distinctio veritatis unde, reprehenderit minus ad dolores provident maiores.
            </p>
          </div>
        </div>
      </div>
    </div>
  </div>
</div>
`;
